\BOOKMARK [1][-]{section.1}{\376\377\000R\000e\000z\000u\000m\000a\000t\000\040\000e\000x\000e\000c\000u\000t\000i\000v}{}% 1
\BOOKMARK [1][-]{section.2}{\376\377\000P\000r\000o\000d\000u\000s\000u\000l\000\040\002\031\000i\000\040\000u\000t\000i\000l\000i\000z\000a\000t\000o\000r\000i\000i}{}% 2
\BOOKMARK [2][-]{subsection.2.1}{\376\377\000D\000e\000s\000c\000r\000i\000e\000r\000e\000a\000\040\000p\000r\000o\000d\000u\000s\000u\000l\000u\000i}{section.2}% 3
\BOOKMARK [2][-]{subsection.2.2}{\376\377\000U\000t\000i\000l\000i\000z\000a\000t\000o\000r\000i\000-\002\033\000i\000n\000t\001\003\000\040\002\031\000i\000\040\000u\000s\000e\000r\000\040\000s\000t\000o\000r\000i\000e\000s}{section.2}% 4
\BOOKMARK [1][-]{section.3}{\376\377\000S\000t\000i\000v\000a\000\040\000t\000e\000h\000n\000o\000l\000o\000g\000i\000c\001\003}{}% 5
\BOOKMARK [1][-]{section.4}{\376\377\000A\000n\000a\000l\000i\000z\000a\000\040\000S\000W\000O\000T}{}% 6
\BOOKMARK [2][-]{subsection.4.1}{\376\377\000P\000u\000n\000c\000t\000e\000\040\000t\000a\000r\000i\000\040\000\050\000S\000t\000r\000e\000n\000g\000t\000h\000s\000\051}{section.4}% 7
\BOOKMARK [2][-]{subsection.4.2}{\376\377\000P\000u\000n\000c\000t\000e\000\040\000s\000l\000a\000b\000e\000\040\000\050\000W\000e\000a\000k\000n\000e\000s\000s\000e\000s\000\051}{section.4}% 8
\BOOKMARK [2][-]{subsection.4.3}{\376\377\000O\000p\000o\000r\000t\000u\000n\000i\000t\001\003\002\033\000i\000\040\000\050\000O\000p\000p\000o\000r\000t\000u\000n\000i\000t\000i\000e\000s\000\051}{section.4}% 9
\BOOKMARK [2][-]{subsection.4.4}{\376\377\000A\000m\000e\000n\000i\000n\002\033\001\003\000r\000i\000\040\000\050\000T\000h\000r\000e\000a\000t\000s\000\051}{section.4}% 10
\BOOKMARK [1][-]{section.5}{\376\377\000A\000n\000a\000l\000i\000z\000a\000\040\000d\000e\000\040\000p\000i\000a\002\033\001\003}{}% 11
\BOOKMARK [2][-]{subsection.5.1}{\376\377\000P\000r\000i\000n\000c\000i\000p\000a\000l\000i\000i\000\040\000c\000o\000m\000p\000e\000t\000i\000t\000o\000r\000i}{section.5}% 12
\BOOKMARK [2][-]{subsection.5.2}{\376\377\000M\000a\000t\000r\000i\000c\000e\000a\000\040\000d\000e\000\040\000f\000u\000n\000c\002\033\000i\000o\000n\000a\000l\000i\000t\001\003\002\033\000i}{section.5}% 13
\BOOKMARK [2][-]{subsection.5.3}{\376\377\000A\000v\000a\000n\000t\000a\000j\000e\000\040\000c\000o\000m\000p\000e\000t\000i\000t\000i\000v\000e}{section.5}% 14
\BOOKMARK [2][-]{subsection.5.4}{\376\377\000D\000e\000z\000a\000v\000a\000n\000t\000a\000j\000e\000\040\000c\000o\000m\000p\000e\000t\000i\000t\000i\000v\000e}{section.5}% 15
\BOOKMARK [2][-]{subsection.5.5}{\376\377\000D\000i\000f\000e\000r\000e\000n\002\033\000i\000a\000t\000o\000r\000-\000c\000h\000e\000i\000e}{section.5}% 16
\BOOKMARK [1][-]{section.6}{\376\377\000A\000n\000a\000l\000i\000z\000a\000\040\000r\000i\000s\000c\000u\000r\000i\000l\000o\000r}{}% 17
\BOOKMARK [2][-]{subsection.6.1}{\376\377\000D\000o\000z\000a\000j\000\040\000i\000n\000c\000o\000r\000e\000c\000t\000\040\002\031\000i\000\040\000h\000a\000l\000u\000c\000i\000n\000a\002\033\000i\000i\000\040\000a\000l\000e\000\040\000A\000I\000\040\000\050\000L\000i\000a\000b\000i\000l\000i\000t\000y\000\040\000R\000i\000s\000k\000\051}{section.6}% 18
\BOOKMARK [2][-]{subsection.6.2}{\376\377\000A\000d\000o\000p\000t\000a\000r\000e\000\040\000s\000c\001\003\000z\000u\000t\001\003\000\040\000\356\000n\000\040\000r\000\342\000n\000d\000u\000l\000\040\000f\000a\000r\000m\000a\000c\000i\002\031\000t\000i\000l\000o\000r\000\040\000\050\000A\000d\000o\000p\000t\000i\000o\000n\000\040\000B\000a\000r\000r\000i\000e\000r\000\051}{section.6}% 19
\BOOKMARK [2][-]{subsection.6.3}{\376\377\000R\000e\000g\000l\000e\000m\000e\000n\000t\001\003\000r\000i\000\040\000s\000t\000r\000i\000c\000t\000e\000\040\002\031\000i\000\040\000s\000c\000h\000i\000m\000b\001\003\000t\000o\000a\000r\000e}{section.6}% 20
\BOOKMARK [2][-]{subsection.6.4}{\376\377\000D\000e\000p\000e\000n\000d\000e\000n\002\033\000a\000\040\000d\000e\000\040\000d\000a\000t\000e\000\040\002\031\000i\000\040\000\356\000n\000t\000\342\000r\000z\000i\000e\000r\000i\000\040\000\356\000n\000\040\000a\000c\000t\000u\000a\000l\000i\000z\001\003\000r\000i}{section.6}% 21
\BOOKMARK [2][-]{subsection.6.5}{\376\377\000C\000o\000n\000c\000u\000r\000e\000n\002\033\000a\000\040\000c\000o\000m\000p\000a\000n\000i\000i\000l\000o\000r\000\040\000B\000i\000g\000\040\000P\000h\000a\000r\000m\000a}{section.6}% 22
\BOOKMARK [1][-]{section.7}{\376\377\000P\000l\000a\000n\000i\000f\000i\000c\000a\000r\000e}{}% 23
\BOOKMARK [2][-]{subsection.7.1}{\376\377\000E\000c\000h\000i\000p\000a}{section.7}% 24
\BOOKMARK [2][-]{subsection.7.2}{\376\377\000D\000i\000a\000g\000r\000a\000m\000a\000\040\000G\000a\000n\000t\000t}{section.7}% 25
\BOOKMARK [1][-]{section.8}{\376\377\000A\000n\000a\000l\000i\000z\000a\000\040\000c\000o\000s\000t\000u\000r\000i\000l\000o\000r\000\040\002\031\000i\000\040\000m\000o\000d\000e\000l\000u\000l\000\040\000d\000e\000\040\000b\000u\000s\000i\000n\000e\000s\000s}{}% 26
\BOOKMARK [2][-]{subsection.8.1}{\376\377\000A\000n\000a\000l\000i\000z\000a\000\040\000c\000o\000s\000t\000u\000r\000i\000l\000o\000r\000\040\000A\000P\000I\000\040\000\050\000G\000e\000n\000e\000r\000a\000t\000i\000v\000e\000\040\000A\000I\000\051}{section.8}% 27
\BOOKMARK [2][-]{subsection.8.2}{\376\377\000C\000o\000s\000t\000u\000r\000i\000\040\000e\000s\000t\000i\000m\000a\000t\000e}{section.8}% 28
\BOOKMARK [2][-]{subsection.8.3}{\376\377\000M\000o\000d\000e\000l\000u\000l\000\040\000d\000e\000\040\000b\000u\000s\000i\000n\000e\000s\000s\000\040\002\031\000i\000\040\000e\000s\000t\000i\000m\001\003\000r\000i\000\040\000d\000e\000\040\000v\000e\000n\000i\000t}{section.8}% 29
\BOOKMARK [2][-]{subsection.8.4}{\376\377\000A\000n\000a\000l\000i\000z\001\003\000\040\000c\000o\000s\000t\000\040\000/\000\040\000b\000e\000n\000e\000f\000i\000c\000i\000u}{section.8}% 30
